Verson 1 of my project
I want this to go to commit 22


git diff staged compare previous commit with current staging areaa
git log
git commit -a -m "Direct Commit" ==to bypass staging area
git rm task22.txt ==remove something and statge and commit automatically
git mv task.txt task1.txt  ==rename
git rm --catched
rm -rf .git
git log --start
git log --since==2.days










Suvendu Devloper@DESKTOP-QGFD048 MINGW64 /d/Frontend Devloper/Note++/Project/Git (master)
$ git status
On branch master

No commits yet

Changes to be committed:
  (use "git rm --cached <file>..." to unstage)
        new file:   db.acc.accdb
        new file:   excel.xlsx
        new file:   task.txt


Suvendu Devloper@DESKTOP-QGFD048 MINGW64 /d/Frontend Devloper/Note++/Project/Git (master)
$ git commit -m 'git tutorial'
[master (root-commit) b4c9c67] git tutorial
 3 files changed, 2 insertions(+)
 create mode 100644 db.acc.accdb
 create mode 100644 excel.xlsx
 create mode 100644 task.txt

Suvendu Devloper@DESKTOP-QGFD048 MINGW64 /d/Frontend Devloper/Note++/Project/Git (master)
$ git status
On branch master
nothing to commit, working tree clean

Suvendu Devloper@DESKTOP-QGFD048 MINGW64 /d/Frontend Devloper/Note++/Project/Git (master)
$ touch error.log

Suvendu Devloper@DESKTOP-QGFD048 MINGW64 /d/Frontend Devloper/Note++/Project/Git (master)
$ git status
On branch master
Untracked files:
  (use "git add <file>..." to include in what will be committed)
        error.log

nothing added to commit but untracked files present (use "git add" to track)

Suvendu Devloper@DESKTOP-QGFD048 MINGW64 /d/Frontend Devloper/Note++/Project/Git (master)
$ touch .gitignore

Suvendu Devloper@DESKTOP-QGFD048 MINGW64 /d/Frontend Devloper/Note++/Project/Git (master)
$ git status
On branch master
Untracked files:
  (use "git add <file>..." to include in what will be committed)
        .gitignore
        error.log

nothing added to commit but untracked files present (use "git add" to track)

Suvendu Devloper@DESKTOP-QGFD048 MINGW64 /d/Frontend Devloper/Note++/Project/Git (master)
$ git status
On branch master
Untracked files:
  (use "git add <file>..." to include in what will be committed)
        .gitignore

nothing added to commit but untracked files present (use "git add" to track)

Suvendu Devloper@DESKTOP-QGFD048 MINGW64 /d/Frontend Devloper/Note++/Project/Git (master)
$ git add --a

Suvendu Devloper@DESKTOP-QGFD048 MINGW64 /d/Frontend Devloper/Note++/Project/Git (master)
$ git status
On branch master
Changes to be committed:
  (use "git restore --staged <file>..." to unstage)
        new file:   .gitignore


Suvendu Devloper@DESKTOP-QGFD048 MINGW64 /d/Frontend Devloper/Note++/Project/Git (master)
$ git commit -m 'gg'
[master 4a39e33] gg
 1 file changed, 1 insertion(+)
 create mode 100644 .gitignore

Suvendu Devloper@DESKTOP-QGFD048 MINGW64 /d/Frontend Devloper/Note++/Project/Git (master)
$ git status
On branch master
nothing to commit, working tree clean

Suvendu Devloper@DESKTOP-QGFD048 MINGW64 /d/Frontend Devloper/Note++/Project/Git (master)
$ git status
On branch master
Changes not staged for commit:
  (use "git add <file>..." to update what will be committed)
  (use "git restore <file>..." to discard changes in working directory)
        modified:   task.txt

no changes added to commit (use "git add" and/or "git commit -a")

Suvendu Devloper@DESKTOP-QGFD048 MINGW64 /d/Frontend Devloper/Note++/Project/Git (master)
$ git diff
diff --git a/task.txt b/task.txt
index dcdb91d..d792004 100644
--- a/task.txt
+++ b/task.txt
@@ -1,2 +1,2 @@
-Verson 1 of my project
+sdVerson 1 of my project
 I want this to go to commit 22
\ No newline at end of file

Suvendu Devloper@DESKTOP-QGFD048 MINGW64 /d/Frontend Devloper/Note++/Project/Git (master)
$ git add
Nothing specified, nothing added.
hint: Maybe you wanted to say 'git add .'?
hint: Turn this message off by running
hint: "git config advice.addEmptyPathspec false"

Suvendu Devloper@DESKTOP-QGFD048 MINGW64 /d/Frontend Devloper/Note++/Project/Git (master)
$ git add .

Suvendu Devloper@DESKTOP-QGFD048 MINGW64 /d/Frontend Devloper/Note++/Project/Git (master)
$ git diff

Suvendu Devloper@DESKTOP-QGFD048 MINGW64 /d/Frontend Devloper/Note++/Project/Git (master)
$ git diff --staged
diff --git a/task.txt b/task.txt
index dcdb91d..d792004 100644
--- a/task.txt
+++ b/task.txt
@@ -1,2 +1,2 @@
-Verson 1 of my project
+sdVerson 1 of my project
 I want this to go to commit 22
\ No newline at end of file

Suvendu Devloper@DESKTOP-QGFD048 MINGW64 /d/Frontend Devloper/Note++/Project/Git (master)

